Component: ARM Compiler 5.06 update 7 (build 960) Tool: armlink [4d3601]

==============================================================================

Section Cross References

    principal.o(i.Callback) refers to myusart.o(i.MyUSART_Get_Byte) for MyUSART_Get_Byte
    principal.o(i.Callback) refers to principal.o(.data) for UART
    principal.o(i.main) refers to mytimer.o(i.MyTimer_Base_Init) for MyTimer_Base_Init
    principal.o(i.main) refers to driver_gpio.o(i.MyGPIO_Init) for MyGPIO_Init
    principal.o(i.main) refers to servomtr.o(i.Init_SERVOMTR) for Init_SERVOMTR
    principal.o(i.main) refers to myspi.o(i.MySPI_Init) for MySPI_Init
    principal.o(i.main) refers to myspi.o(i.MySPI_Set_NSS) for MySPI_Set_NSS
    principal.o(i.main) refers to myspi.o(i.MySPI_Clear_NSS) for MySPI_Clear_NSS
    principal.o(i.main) refers to myspi.o(i.MySPI_Send) for MySPI_Send
    principal.o(i.main) refers to myspi.o(i.MySPI_Read) for MySPI_Read
    principal.o(i.main) refers to communicdist.o(i.CommunicDist_InitADC) for CommunicDist_InitADC
    principal.o(i.main) refers to communicdist.o(i.CommunicDist_InitUart) for CommunicDist_InitUart
    principal.o(i.main) refers to myusart.o(i.MyUSART_Send_Byte) for MyUSART_Send_Byte
    principal.o(i.main) refers to servomtr.o(i.Calcul_DutyCycle_SERVOMTR) for Calcul_DutyCycle_SERVOMTR
    principal.o(i.main) refers to mytimer.o(i.Timer_PWM_DutyCycle_Fix) for Timer_PWM_DutyCycle_Fix
    principal.o(i.main) refers to principal.o(.constdata) for .constdata
    principal.o(i.main) refers to principal.o(.data) for Power_ctl
    servomtr.o(i.Init_SERVOMTR) refers to driver_gpio.o(i.MyGPIO_Init) for MyGPIO_Init
    servomtr.o(i.Init_SERVOMTR) refers to mytimer.o(i.Timer_PWM_Init) for Timer_PWM_Init
    servomtr.o(i.Init_SERVOMTR) refers to servomtr.o(.constdata) for .constdata
    myadc.o(i.Init_ADC_Single_Conv) refers to memcpya.o(.text) for __aeabi_memcpy4
    myadc.o(i.Init_ADC_Single_Conv) refers to ffltui.o(.text) for __aeabi_ui2f
    myadc.o(i.Init_ADC_Single_Conv) refers to fadd.o(.text) for __aeabi_frsub
    myadc.o(i.Init_ADC_Single_Conv) refers to f2d.o(.text) for __aeabi_f2d
    myadc.o(i.Init_ADC_Single_Conv) refers to d2f.o(.text) for __aeabi_d2f
    myadc.o(i.Init_ADC_Single_Conv) refers to cfcmple.o(.text) for __aeabi_cfcmple
    myadc.o(i.Init_ADC_Single_Conv) refers to myadc.o(.constdata) for .constdata
    communicdist.o(i.CommunicDist_AlertSend) refers to myusart.o(i.MyUSART_Send_Mess) for MyUSART_Send_Mess
    communicdist.o(i.CommunicDist_AlertSend) refers to communicdist.o(.constdata) for msg_alerte
    communicdist.o(i.CommunicDist_AlertSend) refers to communicdist.o(.bss) for muart
    communicdist.o(i.CommunicDist_FaibleBatterie) refers to communicdist.o(i.CommunicDist_NiveauBat) for CommunicDist_NiveauBat
    communicdist.o(i.CommunicDist_InitADC) refers to myadc.o(i.Init_ADC_Single_Conv) for Init_ADC_Single_Conv
    communicdist.o(i.CommunicDist_InitUart) refers to driver_gpio.o(i.MyGPIO_Init) for MyGPIO_Init
    communicdist.o(i.CommunicDist_InitUart) refers to mytimer.o(i.MyTimer_Base_Init) for MyTimer_Base_Init
    communicdist.o(i.CommunicDist_InitUart) refers to myusart.o(i.MyUSART_Init) for MyUSART_Init
    communicdist.o(i.CommunicDist_InitUart) refers to communicdist.o(.bss) for muart
    communicdist.o(i.CommunicDist_InitUart) refers to communicdist.o(.data) for bitsens
    communicdist.o(i.CommunicDist_NiveauBat) refers to myadc.o(i.ADC_Start) for ADC_Start
    communicdist.o(i.CommunicDist_Send) refers to communicdist.o(i.CommunicDist_FaibleBatterie) for CommunicDist_FaibleBatterie
    communicdist.o(i.CommunicDist_Send) refers to myusart.o(i.MyUSART_Send_Mess) for MyUSART_Send_Mess
    communicdist.o(i.CommunicDist_Send) refers to communicdist.o(i.toArray) for toArray
    communicdist.o(i.CommunicDist_Send) refers to communicdist.o(.constdata) for bat_faible
    communicdist.o(i.CommunicDist_Send) refers to communicdist.o(.bss) for muart
    communicdist.o(i.toArray) refers to calloc.o(.text) for calloc
    myusart.o(i.MyUSART_Active_IT) refers to myusart.o(.data) for HandlerUart1
    myusart.o(i.USART1_IRQHandler) refers to myusart.o(.data) for HandlerUart1
    myusart.o(i.USART2_IRQHandler) refers to myusart.o(.data) for HandlerUart2
    myusart.o(i.USART3_IRQHandler) refers to myusart.o(.data) for HandlerUart3
    mytimer.o(i.MyTimer_Active_IT) refers to mytimer.o(i.__NVIC_EnableIRQ) for __NVIC_EnableIRQ
    mytimer.o(i.MyTimer_Active_IT) refers to mytimer.o(i.__NVIC_SetPriority) for __NVIC_SetPriority
    mytimer.o(i.MyTimer_Active_IT) refers to mytimer.o(.data) for p_function
    mytimer.o(i.TIM1_UP_IRQHandler) refers to mytimer.o(.data) for p_function
    mytimer.o(i.TIM2_IRQHandler) refers to mytimer.o(.data) for p_function
    mytimer.o(i.TIM3_IRQHandler) refers to mytimer.o(.data) for p_function
    mytimer.o(i.TIM4_IRQHandler) refers to mytimer.o(.data) for p_function
    driver_gpio.o(i.MyGPIO_Toggle) refers to driver_gpio.o(i.MyGPIO_Read) for MyGPIO_Read
    driver_gpio.o(i.MyGPIO_Toggle) refers to driver_gpio.o(i.MyGPIO_Reset) for MyGPIO_Reset
    driver_gpio.o(i.MyGPIO_Toggle) refers to driver_gpio.o(i.MyGPIO_Set) for MyGPIO_Set
    startup_stm32f10x_md.o(RESET) refers to startup_stm32f10x_md.o(STACK) for __initial_sp
    startup_stm32f10x_md.o(RESET) refers to startup_stm32f10x_md.o(.text) for Reset_Handler
    startup_stm32f10x_md.o(RESET) refers to mytimer.o(i.TIM1_UP_IRQHandler) for TIM1_UP_IRQHandler
    startup_stm32f10x_md.o(RESET) refers to mytimer.o(i.TIM2_IRQHandler) for TIM2_IRQHandler
    startup_stm32f10x_md.o(RESET) refers to mytimer.o(i.TIM3_IRQHandler) for TIM3_IRQHandler
    startup_stm32f10x_md.o(RESET) refers to mytimer.o(i.TIM4_IRQHandler) for TIM4_IRQHandler
    startup_stm32f10x_md.o(RESET) refers to myusart.o(i.USART1_IRQHandler) for USART1_IRQHandler
    startup_stm32f10x_md.o(RESET) refers to myusart.o(i.USART2_IRQHandler) for USART2_IRQHandler
    startup_stm32f10x_md.o(RESET) refers to myusart.o(i.USART3_IRQHandler) for USART3_IRQHandler
    startup_stm32f10x_md.o(.text) refers to system_stm32f10x.o(i.SystemInit) for SystemInit
    startup_stm32f10x_md.o(.text) refers to entry.o(.ARM.Collect$$$$00000000) for __main
    system_stm32f10x.o(i.SetSysClock) refers to system_stm32f10x.o(i.SetSysClockTo72) for SetSysClockTo72
    system_stm32f10x.o(i.SystemCoreClockUpdate) refers to system_stm32f10x.o(.data) for SystemCoreClock
    system_stm32f10x.o(i.SystemInit) refers to system_stm32f10x.o(i.SetSysClock) for SetSysClock
    myspi.o(i.MySPI_Clear_NSS) refers to myspi.o(.data) for ActiveSPI
    myspi.o(i.MySPI_Init) refers to myspi.o(i.MySPI_Set_NSS) for MySPI_Set_NSS
    myspi.o(i.MySPI_Init) refers to myspi.o(.data) for ActiveSPI
    myspi.o(i.MySPI_Read) refers to myspi.o(.data) for ActiveSPI
    myspi.o(i.MySPI_Send) refers to myspi.o(.data) for ActiveSPI
    myspi.o(i.MySPI_Set_NSS) refers to myspi.o(.data) for ActiveSPI
    entry.o(.ARM.Collect$$$$00000000) refers (Special) to entry10a.o(.ARM.Collect$$$$0000000F) for __rt_final_cpp
    entry.o(.ARM.Collect$$$$00000000) refers (Special) to entry11a.o(.ARM.Collect$$$$00000011) for __rt_final_exit
    entry.o(.ARM.Collect$$$$00000000) refers (Special) to entry12b.o(.ARM.Collect$$$$0000000E) for __rt_lib_shutdown_fini
    entry.o(.ARM.Collect$$$$00000000) refers (Special) to entry7b.o(.ARM.Collect$$$$00000008) for _main_clock
    entry.o(.ARM.Collect$$$$00000000) refers (Special) to entry8b.o(.ARM.Collect$$$$0000000A) for _main_cpp_init
    entry.o(.ARM.Collect$$$$00000000) refers (Special) to entry9a.o(.ARM.Collect$$$$0000000B) for _main_init
    entry.o(.ARM.Collect$$$$00000000) refers (Special) to entry5.o(.ARM.Collect$$$$00000004) for _main_scatterload
    entry.o(.ARM.Collect$$$$00000000) refers (Special) to entry2.o(.ARM.Collect$$$$00000001) for _main_stk
    calloc.o(.text) refers to malloc.o(i.malloc) for malloc
    fadd.o(.text) refers (Special) to iusefp.o(.text) for __I$use$fp
    fadd.o(.text) refers to fepilogue.o(.text) for _float_epilogue
    ffltui.o(.text) refers (Special) to iusefp.o(.text) for __I$use$fp
    ffltui.o(.text) refers to fepilogue.o(.text) for _float_epilogue
    f2d.o(.text) refers (Special) to iusefp.o(.text) for __I$use$fp
    d2f.o(.text) refers (Special) to iusefp.o(.text) for __I$use$fp
    d2f.o(.text) refers to fepilogue.o(.text) for _float_round
    cfcmple.o(.text) refers (Special) to iusefp.o(.text) for __I$use$fp
    entry2.o(.ARM.Collect$$$$00000001) refers to entry2.o(.ARM.Collect$$$$00002712) for __lit__00000000
    entry2.o(.ARM.Collect$$$$00002712) refers to startup_stm32f10x_md.o(STACK) for __initial_sp
    entry2.o(__vectab_stack_and_reset_area) refers to startup_stm32f10x_md.o(STACK) for __initial_sp
    entry2.o(__vectab_stack_and_reset_area) refers to entry.o(.ARM.Collect$$$$00000000) for __main
    entry5.o(.ARM.Collect$$$$00000004) refers to init.o(.text) for __scatterload
    entry9a.o(.ARM.Collect$$$$0000000B) refers to principal.o(i.main) for main
    entry9b.o(.ARM.Collect$$$$0000000C) refers to principal.o(i.main) for main
    malloc.o(i.free) refers to mvars.o(.data) for __microlib_freelist
    malloc.o(i.malloc) refers to mvars.o(.data) for __microlib_freelist_initialised
    malloc.o(i.malloc) refers to mvars.o(.data) for __microlib_freelist
    malloc.o(i.malloc) refers to startup_stm32f10x_md.o(HEAP) for __heap_base
    mallocr.o(i.__free$realloc) refers to mvars.o(.data) for __microlib_freelist
    mallocr.o(i.__malloc$realloc) refers to mallocr.o(i.internal_alloc) for internal_alloc
    mallocr.o(i.__malloc$realloc) refers to mvars.o(.data) for __microlib_freelist_initialised
    mallocr.o(i.__malloc$realloc) refers to startup_stm32f10x_md.o(HEAP) for __heap_base
    mallocr.o(i.__malloc$realloc) refers to mvars.o(.data) for __microlib_freelist
    mallocr.o(i.internal_alloc) refers to memcpya.o(.text) for __aeabi_memcpy
    mallocr.o(i.internal_alloc) refers to mvars.o(.data) for __microlib_freelist
    mallocr.o(i.realloc) refers to mallocr.o(i.__free$realloc) for __free$realloc
    mallocr.o(i.realloc) refers to mallocr.o(i.internal_alloc) for internal_alloc
    mallocr.o(i.realloc) refers to mallocr.o(i.__malloc$realloc) for __malloc$realloc
    mallocr.o(i.realloc) refers to mvars.o(.data) for __microlib_freelist
    malloca.o(i.__aligned_malloc) refers to mvars.o(.data) for __microlib_freelist_initialised
    malloca.o(i.__aligned_malloc) refers to mvars.o(.data) for __microlib_freelist
    malloca.o(i.__aligned_malloc) refers to startup_stm32f10x_md.o(HEAP) for __heap_base
    malloca.o(i.__free$memalign) refers to mvars.o(.data) for __microlib_freelist
    malloca.o(i.__malloc$memalign) refers to malloca.o(i.__aligned_malloc) for __aligned_malloc
    mallocra.o(i.__aligned_malloc$realloc) refers to mallocra.o(i.internal_alloc) for internal_alloc
    mallocra.o(i.__aligned_malloc$realloc) refers to mvars.o(.data) for __microlib_freelist_initialised
    mallocra.o(i.__aligned_malloc$realloc) refers to startup_stm32f10x_md.o(HEAP) for __heap_base
    mallocra.o(i.__aligned_malloc$realloc) refers to mvars.o(.data) for __microlib_freelist
    mallocra.o(i.__free$realloc$memalign) refers to mvars.o(.data) for __microlib_freelist
    mallocra.o(i.__malloc$realloc$memalign) refers to mallocra.o(i.__aligned_malloc$realloc) for __aligned_malloc$realloc
    mallocra.o(i.__realloc$memalign) refers to mallocra.o(i.__free$realloc$memalign) for __free$realloc$memalign
    mallocra.o(i.__realloc$memalign) refers to mallocra.o(i.internal_alloc) for internal_alloc
    mallocra.o(i.__realloc$memalign) refers to mallocra.o(i.__malloc$realloc$memalign) for __malloc$realloc$memalign
    mallocra.o(i.__realloc$memalign) refers to mvars.o(.data) for __microlib_freelist
    mallocra.o(i.internal_alloc) refers to memcpya.o(.text) for __aeabi_memcpy
    mallocra.o(i.internal_alloc) refers to mvars.o(.data) for __microlib_freelist
    init.o(.text) refers to entry5.o(.ARM.Collect$$$$00000004) for __main_after_scatterload


==============================================================================

Removing Unused input sections from the image.

    Removing principal.o(.rev16_text), (4 bytes).
    Removing principal.o(.revsh_text), (4 bytes).
    Removing principal.o(.rrx_text), (6 bytes).
    Removing principal.o(i.Callback), (24 bytes).
    Removing servomtr.o(.rev16_text), (4 bytes).
    Removing servomtr.o(.revsh_text), (4 bytes).
    Removing servomtr.o(.rrx_text), (6 bytes).
    Removing myadc.o(.rev16_text), (4 bytes).
    Removing myadc.o(.revsh_text), (4 bytes).
    Removing myadc.o(.rrx_text), (6 bytes).
    Removing myadc.o(i.ADC_Start), (44 bytes).
    Removing communicdist.o(.rev16_text), (4 bytes).
    Removing communicdist.o(.revsh_text), (4 bytes).
    Removing communicdist.o(.rrx_text), (6 bytes).
    Removing communicdist.o(i.CommunicDist_AlertSend), (76 bytes).
    Removing communicdist.o(i.CommunicDist_FaibleBatterie), (36 bytes).
    Removing communicdist.o(i.CommunicDist_NiveauBat), (24 bytes).
    Removing communicdist.o(i.CommunicDist_Send), (204 bytes).
    Removing communicdist.o(i.toArray), (54 bytes).
    Removing communicdist.o(.constdata), (41 bytes).
    Removing myusart.o(.rev16_text), (4 bytes).
    Removing myusart.o(.revsh_text), (4 bytes).
    Removing myusart.o(.rrx_text), (6 bytes).
    Removing myusart.o(i.MyUSART_Active_IT), (164 bytes).
    Removing myusart.o(i.MyUSART_Get_Byte), (8 bytes).
    Removing myusart.o(i.MyUSART_Send_Mess), (4 bytes).
    Removing mytimer.o(.rev16_text), (4 bytes).
    Removing mytimer.o(.revsh_text), (4 bytes).
    Removing mytimer.o(.rrx_text), (6 bytes).
    Removing mytimer.o(i.MyTimer_Active_IT), (116 bytes).
    Removing mytimer.o(i.__NVIC_EnableIRQ), (34 bytes).
    Removing mytimer.o(i.__NVIC_SetPriority), (40 bytes).
    Removing driver_gpio.o(.rev16_text), (4 bytes).
    Removing driver_gpio.o(.revsh_text), (4 bytes).
    Removing driver_gpio.o(.rrx_text), (6 bytes).
    Removing driver_gpio.o(i.MyGPIO_Read), (14 bytes).
    Removing driver_gpio.o(i.MyGPIO_Reset), (12 bytes).
    Removing driver_gpio.o(i.MyGPIO_Set), (12 bytes).
    Removing driver_gpio.o(i.MyGPIO_Toggle), (36 bytes).
    Removing startup_stm32f10x_md.o(HEAP), (512 bytes).
    Removing system_stm32f10x.o(.rev16_text), (4 bytes).
    Removing system_stm32f10x.o(.revsh_text), (4 bytes).
    Removing system_stm32f10x.o(.rrx_text), (6 bytes).
    Removing system_stm32f10x.o(i.SystemCoreClockUpdate), (164 bytes).
    Removing system_stm32f10x.o(.data), (20 bytes).
    Removing myspi.o(.rev16_text), (4 bytes).
    Removing myspi.o(.revsh_text), (4 bytes).
    Removing myspi.o(.rrx_text), (6 bytes).

48 unused section(s) (total 1765 bytes) removed from the image.

==============================================================================

Image Symbol Table

    Local Symbols

    Symbol Name                              Value     Ov Type        Size  Object(Section)

    ../clib/microlib/init/entry.s            0x00000000   Number         0  entry2.o ABSOLUTE
    ../clib/microlib/init/entry.s            0x00000000   Number         0  entry5.o ABSOLUTE
    ../clib/microlib/init/entry.s            0x00000000   Number         0  entry7b.o ABSOLUTE
    ../clib/microlib/init/entry.s            0x00000000   Number         0  entry8a.o ABSOLUTE
    ../clib/microlib/init/entry.s            0x00000000   Number         0  entry8b.o ABSOLUTE
    ../clib/microlib/init/entry.s            0x00000000   Number         0  entry9a.o ABSOLUTE
    ../clib/microlib/init/entry.s            0x00000000   Number         0  entry7a.o ABSOLUTE
    ../clib/microlib/init/entry.s            0x00000000   Number         0  entry9b.o ABSOLUTE
    ../clib/microlib/init/entry.s            0x00000000   Number         0  entry10a.o ABSOLUTE
    ../clib/microlib/init/entry.s            0x00000000   Number         0  entry10b.o ABSOLUTE
    ../clib/microlib/init/entry.s            0x00000000   Number         0  entry11a.o ABSOLUTE
    ../clib/microlib/init/entry.s            0x00000000   Number         0  entry11b.o ABSOLUTE
    ../clib/microlib/init/entry.s            0x00000000   Number         0  entry.o ABSOLUTE
    ../clib/microlib/init/entry.s            0x00000000   Number         0  entry12b.o ABSOLUTE
    ../clib/microlib/init/entry.s            0x00000000   Number         0  entry12a.o ABSOLUTE
    ../clib/microlib/malloc/calloc.c         0x00000000   Number         0  calloc.o ABSOLUTE
    ../clib/microlib/malloc/malloc.c         0x00000000   Number         0  mallocra.o ABSOLUTE
    ../clib/microlib/malloc/malloc.c         0x00000000   Number         0  malloca.o ABSOLUTE
    ../clib/microlib/malloc/malloc.c         0x00000000   Number         0  malloc.o ABSOLUTE
    ../clib/microlib/malloc/malloc.c         0x00000000   Number         0  mallocr.o ABSOLUTE
    ../clib/microlib/malloc/mvars.c          0x00000000   Number         0  mvars.o ABSOLUTE
    ../clib/microlib/string/memcpy.c         0x00000000   Number         0  memcpyb.o ABSOLUTE
    ../clib/microlib/string/memcpy.c         0x00000000   Number         0  memcpya.o ABSOLUTE
    ../clib/microlib/stubs.s                 0x00000000   Number         0  iusefp.o ABSOLUTE
    ../fplib/microlib/d2f.c                  0x00000000   Number         0  d2f.o ABSOLUTE
    ../fplib/microlib/f2d.c                  0x00000000   Number         0  f2d.o ABSOLUTE
    ../fplib/microlib/fpadd.c                0x00000000   Number         0  fadd.o ABSOLUTE
    ../fplib/microlib/fpepilogue.c           0x00000000   Number         0  fepilogue.o ABSOLUTE
    ../fplib/microlib/fpflt.c                0x00000000   Number         0  ffltui.o ABSOLUTE
    ..\MesDrivers\Source\CommunicDist.c      0x00000000   Number         0  communicdist.o ABSOLUTE
    ..\MesDrivers\Source\Driver_GPIO.c       0x00000000   Number         0  driver_gpio.o ABSOLUTE
    ..\MesDrivers\Source\MyTimer.c           0x00000000   Number         0  mytimer.o ABSOLUTE
    ..\MesDrivers\Source\MyUSART.c           0x00000000   Number         0  myusart.o ABSOLUTE
    ..\\MesDrivers\\Source\\CommunicDist.c   0x00000000   Number         0  communicdist.o ABSOLUTE
    ..\\MesDrivers\\Source\\Driver_GPIO.c    0x00000000   Number         0  driver_gpio.o ABSOLUTE
    ..\\MesDrivers\\Source\\MyTimer.c        0x00000000   Number         0  mytimer.o ABSOLUTE
    ..\\MesDrivers\\Source\\MyUSART.c        0x00000000   Number         0  myusart.o ABSOLUTE
    MyDrivers\MySPI.c                        0x00000000   Number         0  myspi.o ABSOLUTE
    MyDrivers\\MySPI.c                       0x00000000   Number         0  myspi.o ABSOLUTE
    RTE\Device\STM32F103RB\startup_stm32f10x_md.s 0x00000000   Number         0  startup_stm32f10x_md.o ABSOLUTE
    RTE\Device\STM32F103RB\system_stm32f10x.c 0x00000000   Number         0  system_stm32f10x.o ABSOLUTE
    RTE\\Device\\STM32F103RB\\system_stm32f10x.c 0x00000000   Number         0  system_stm32f10x.o ABSOLUTE
    cfcmple.s                                0x00000000   Number         0  cfcmple.o ABSOLUTE
    dc.s                                     0x00000000   Number         0  dc.o ABSOLUTE
    handlers.s                               0x00000000   Number         0  handlers.o ABSOLUTE
    init.s                                   0x00000000   Number         0  init.o ABSOLUTE
    source\BATTRERIE.c                       0x00000000   Number         0  battrerie.o ABSOLUTE
    source\MyADC.c                           0x00000000   Number         0  myadc.o ABSOLUTE
    source\Principal.c                       0x00000000   Number         0  principal.o ABSOLUTE
    source\ServoMtr.c                        0x00000000   Number         0  servomtr.o ABSOLUTE
    source\\MyADC.c                          0x00000000   Number         0  myadc.o ABSOLUTE
    source\\Principal.c                      0x00000000   Number         0  principal.o ABSOLUTE
    source\\ServoMtr.c                       0x00000000   Number         0  servomtr.o ABSOLUTE
    RESET                                    0x08000000   Section      236  startup_stm32f10x_md.o(RESET)
    .ARM.Collect$$$$00000000                 0x080000ec   Section        0  entry.o(.ARM.Collect$$$$00000000)
    .ARM.Collect$$$$00000001                 0x080000ec   Section        4  entry2.o(.ARM.Collect$$$$00000001)
    .ARM.Collect$$$$00000004                 0x080000f0   Section        4  entry5.o(.ARM.Collect$$$$00000004)
    .ARM.Collect$$$$00000008                 0x080000f4   Section        0  entry7b.o(.ARM.Collect$$$$00000008)
    .ARM.Collect$$$$0000000A                 0x080000f4   Section        0  entry8b.o(.ARM.Collect$$$$0000000A)
    .ARM.Collect$$$$0000000B                 0x080000f4   Section        8  entry9a.o(.ARM.Collect$$$$0000000B)
    .ARM.Collect$$$$0000000E                 0x080000fc   Section        4  entry12b.o(.ARM.Collect$$$$0000000E)
    .ARM.Collect$$$$0000000F                 0x08000100   Section        0  entry10a.o(.ARM.Collect$$$$0000000F)
    .ARM.Collect$$$$00000011                 0x08000100   Section        0  entry11a.o(.ARM.Collect$$$$00000011)
    .ARM.Collect$$$$00002712                 0x08000100   Section        4  entry2.o(.ARM.Collect$$$$00002712)
    __lit__00000000                          0x08000100   Data           4  entry2.o(.ARM.Collect$$$$00002712)
    .text                                    0x08000104   Section       36  startup_stm32f10x_md.o(.text)
    .text                                    0x08000128   Section        0  memcpya.o(.text)
    .text                                    0x0800014c   Section        0  fadd.o(.text)
    .text                                    0x080001fc   Section        0  ffltui.o(.text)
    .text                                    0x08000206   Section        0  f2d.o(.text)
    .text                                    0x0800022c   Section        0  d2f.o(.text)
    .text                                    0x08000264   Section       20  cfcmple.o(.text)
    .text                                    0x08000278   Section        0  iusefp.o(.text)
    .text                                    0x08000278   Section        0  fepilogue.o(.text)
    .text                                    0x080002e8   Section       36  init.o(.text)
    i.Calcul_DutyCycle_SERVOMTR              0x0800030c   Section        0  servomtr.o(i.Calcul_DutyCycle_SERVOMTR)
    i.CommunicDist_InitADC                   0x0800038c   Section        0  communicdist.o(i.CommunicDist_InitADC)
    i.CommunicDist_InitUart                  0x080003a0   Section        0  communicdist.o(i.CommunicDist_InitUart)
    i.Init_ADC_Single_Conv                   0x08000448   Section        0  myadc.o(i.Init_ADC_Single_Conv)
    i.Init_SERVOMTR                          0x08000548   Section        0  servomtr.o(i.Init_SERVOMTR)
    i.MyGPIO_Init                            0x08000588   Section        0  driver_gpio.o(i.MyGPIO_Init)
    i.MySPI_Clear_NSS                        0x08000638   Section        0  myspi.o(i.MySPI_Clear_NSS)
    i.MySPI_Init                             0x08000668   Section        0  myspi.o(i.MySPI_Init)
    i.MySPI_Read                             0x0800085c   Section        0  myspi.o(i.MySPI_Read)
    i.MySPI_Send                             0x080008b0   Section        0  myspi.o(i.MySPI_Send)
    i.MySPI_Set_NSS                          0x08000900   Section        0  myspi.o(i.MySPI_Set_NSS)
    i.MyTimer_Base_Init                      0x0800092c   Section        0  mytimer.o(i.MyTimer_Base_Init)
    i.MyUSART_Init                           0x080009a0   Section        0  myusart.o(i.MyUSART_Init)
    i.MyUSART_Send_Byte                      0x08000a58   Section        0  myusart.o(i.MyUSART_Send_Byte)
    i.SetSysClock                            0x08000a74   Section        0  system_stm32f10x.o(i.SetSysClock)
    SetSysClock                              0x08000a75   Thumb Code     8  system_stm32f10x.o(i.SetSysClock)
    i.SetSysClockTo72                        0x08000a7c   Section        0  system_stm32f10x.o(i.SetSysClockTo72)
    SetSysClockTo72                          0x08000a7d   Thumb Code   214  system_stm32f10x.o(i.SetSysClockTo72)
    i.SystemInit                             0x08000b5c   Section        0  system_stm32f10x.o(i.SystemInit)
    i.TIM1_UP_IRQHandler                     0x08000bbc   Section        0  mytimer.o(i.TIM1_UP_IRQHandler)
    i.TIM2_IRQHandler                        0x08000bdc   Section        0  mytimer.o(i.TIM2_IRQHandler)
    i.TIM3_IRQHandler                        0x08000bfc   Section        0  mytimer.o(i.TIM3_IRQHandler)
    i.TIM4_IRQHandler                        0x08000c1c   Section        0  mytimer.o(i.TIM4_IRQHandler)
    i.Timer_PWM_DutyCycle_Fix                0x08000c3c   Section        0  mytimer.o(i.Timer_PWM_DutyCycle_Fix)
    i.Timer_PWM_Init                         0x08000c9a   Section        0  mytimer.o(i.Timer_PWM_Init)
    i.USART1_IRQHandler                      0x08000d48   Section        0  myusart.o(i.USART1_IRQHandler)
    i.USART2_IRQHandler                      0x08000d6c   Section        0  myusart.o(i.USART2_IRQHandler)
    i.USART3_IRQHandler                      0x08000d90   Section        0  myusart.o(i.USART3_IRQHandler)
    i.__scatterload_copy                     0x08000db4   Section       14  handlers.o(i.__scatterload_copy)
    i.__scatterload_null                     0x08000dc2   Section        2  handlers.o(i.__scatterload_null)
    i.__scatterload_zeroinit                 0x08000dc4   Section       14  handlers.o(i.__scatterload_zeroinit)
    i.main                                   0x08000dd4   Section        0  principal.o(i.main)
    .constdata                               0x08001018   Section       40  principal.o(.constdata)
    .constdata                               0x08001040   Section        8  servomtr.o(.constdata)
    .constdata                               0x08001048   Section       64  myadc.o(.constdata)
    .data                                    0x20000000   Section       53  principal.o(.data)
    .data                                    0x20000038   Section       40  communicdist.o(.data)
    ServoMtr                                 0x20000038   Data           8  communicdist.o(.data)
    bitsens                                  0x20000040   Data           8  communicdist.o(.data)
    uartTx                                   0x20000048   Data           8  communicdist.o(.data)
    uartRx                                   0x20000050   Data           8  communicdist.o(.data)
    timServo                                 0x20000058   Data           8  communicdist.o(.data)
    .data                                    0x20000060   Section       12  myusart.o(.data)
    HandlerUart1                             0x20000060   Data           4  myusart.o(.data)
    HandlerUart2                             0x20000064   Data           4  myusart.o(.data)
    HandlerUart3                             0x20000068   Data           4  myusart.o(.data)
    .data                                    0x2000006c   Section        4  mytimer.o(.data)
    .data                                    0x20000070   Section        4  myspi.o(.data)
    .bss                                     0x20000074   Section       12  communicdist.o(.bss)
    muart                                    0x20000074   Data          12  communicdist.o(.bss)
    STACK                                    0x20000080   Section     1024  startup_stm32f10x_md.o(STACK)

    Global Symbols

    Symbol Name                              Value     Ov Type        Size  Object(Section)

    BuildAttributes$$THM_ISAv4$P$D$K$B$S$PE$A:L22UL41UL21$X:L11$S22US41US21$IEEE1$IW$USESV6$~STKCKD$USESV7$~SHL$OTIME$ROPI$EBA8$MICROLIB$REQ8$PRES8$EABIv2 0x00000000   Number         0  anon$$obj.o ABSOLUTE
    __ARM_use_no_argv                        0x00000000   Number         0  principal.o ABSOLUTE
    __arm_fini_                               - Undefined Weak Reference
    __cpp_initialize__aeabi_                  - Undefined Weak Reference
    __cxa_finalize                            - Undefined Weak Reference
    __decompress                              - Undefined Weak Reference
    _clock_init                               - Undefined Weak Reference
    _microlib_exit                            - Undefined Weak Reference
    __Vectors_Size                           0x000000ec   Number         0  startup_stm32f10x_md.o ABSOLUTE
    __Vectors                                0x08000000   Data           4  startup_stm32f10x_md.o(RESET)
    __Vectors_End                            0x080000ec   Data           0  startup_stm32f10x_md.o(RESET)
    __main                                   0x080000ed   Thumb Code     0  entry.o(.ARM.Collect$$$$00000000)
    _main_stk                                0x080000ed   Thumb Code     0  entry2.o(.ARM.Collect$$$$00000001)
    _main_scatterload                        0x080000f1   Thumb Code     0  entry5.o(.ARM.Collect$$$$00000004)
    __main_after_scatterload                 0x080000f5   Thumb Code     0  entry5.o(.ARM.Collect$$$$00000004)
    _main_clock                              0x080000f5   Thumb Code     0  entry7b.o(.ARM.Collect$$$$00000008)
    _main_cpp_init                           0x080000f5   Thumb Code     0  entry8b.o(.ARM.Collect$$$$0000000A)
    _main_init                               0x080000f5   Thumb Code     0  entry9a.o(.ARM.Collect$$$$0000000B)
    __rt_lib_shutdown_fini                   0x080000fd   Thumb Code     0  entry12b.o(.ARM.Collect$$$$0000000E)
    __rt_final_cpp                           0x08000101   Thumb Code     0  entry10a.o(.ARM.Collect$$$$0000000F)
    __rt_final_exit                          0x08000101   Thumb Code     0  entry11a.o(.ARM.Collect$$$$00000011)
    Reset_Handler                            0x08000105   Thumb Code     8  startup_stm32f10x_md.o(.text)
    NMI_Handler                              0x0800010d   Thumb Code     2  startup_stm32f10x_md.o(.text)
    HardFault_Handler                        0x0800010f   Thumb Code     2  startup_stm32f10x_md.o(.text)
    MemManage_Handler                        0x08000111   Thumb Code     2  startup_stm32f10x_md.o(.text)
    BusFault_Handler                         0x08000113   Thumb Code     2  startup_stm32f10x_md.o(.text)
    UsageFault_Handler                       0x08000115   Thumb Code     2  startup_stm32f10x_md.o(.text)
    SVC_Handler                              0x08000117   Thumb Code     2  startup_stm32f10x_md.o(.text)
    DebugMon_Handler                         0x08000119   Thumb Code     2  startup_stm32f10x_md.o(.text)
    PendSV_Handler                           0x0800011b   Thumb Code     2  startup_stm32f10x_md.o(.text)
    SysTick_Handler                          0x0800011d   Thumb Code     2  startup_stm32f10x_md.o(.text)
    ADC1_2_IRQHandler                        0x0800011f   Thumb Code     0  startup_stm32f10x_md.o(.text)
    CAN1_RX1_IRQHandler                      0x0800011f   Thumb Code     0  startup_stm32f10x_md.o(.text)
    CAN1_SCE_IRQHandler                      0x0800011f   Thumb Code     0  startup_stm32f10x_md.o(.text)
    DMA1_Channel1_IRQHandler                 0x0800011f   Thumb Code     0  startup_stm32f10x_md.o(.text)
    DMA1_Channel2_IRQHandler                 0x0800011f   Thumb Code     0  startup_stm32f10x_md.o(.text)
    DMA1_Channel3_IRQHandler                 0x0800011f   Thumb Code     0  startup_stm32f10x_md.o(.text)
    DMA1_Channel4_IRQHandler                 0x0800011f   Thumb Code     0  startup_stm32f10x_md.o(.text)
    DMA1_Channel5_IRQHandler                 0x0800011f   Thumb Code     0  startup_stm32f10x_md.o(.text)
    DMA1_Channel6_IRQHandler                 0x0800011f   Thumb Code     0  startup_stm32f10x_md.o(.text)
    DMA1_Channel7_IRQHandler                 0x0800011f   Thumb Code     0  startup_stm32f10x_md.o(.text)
    EXTI0_IRQHandler                         0x0800011f   Thumb Code     0  startup_stm32f10x_md.o(.text)
    EXTI15_10_IRQHandler                     0x0800011f   Thumb Code     0  startup_stm32f10x_md.o(.text)
    EXTI1_IRQHandler                         0x0800011f   Thumb Code     0  startup_stm32f10x_md.o(.text)
    EXTI2_IRQHandler                         0x0800011f   Thumb Code     0  startup_stm32f10x_md.o(.text)
    EXTI3_IRQHandler                         0x0800011f   Thumb Code     0  startup_stm32f10x_md.o(.text)
    EXTI4_IRQHandler                         0x0800011f   Thumb Code     0  startup_stm32f10x_md.o(.text)
    EXTI9_5_IRQHandler                       0x0800011f   Thumb Code     0  startup_stm32f10x_md.o(.text)
    FLASH_IRQHandler                         0x0800011f   Thumb Code     0  startup_stm32f10x_md.o(.text)
    I2C1_ER_IRQHandler                       0x0800011f   Thumb Code     0  startup_stm32f10x_md.o(.text)
    I2C1_EV_IRQHandler                       0x0800011f   Thumb Code     0  startup_stm32f10x_md.o(.text)
    I2C2_ER_IRQHandler                       0x0800011f   Thumb Code     0  startup_stm32f10x_md.o(.text)
    I2C2_EV_IRQHandler                       0x0800011f   Thumb Code     0  startup_stm32f10x_md.o(.text)
    PVD_IRQHandler                           0x0800011f   Thumb Code     0  startup_stm32f10x_md.o(.text)
    RCC_IRQHandler                           0x0800011f   Thumb Code     0  startup_stm32f10x_md.o(.text)
    RTCAlarm_IRQHandler                      0x0800011f   Thumb Code     0  startup_stm32f10x_md.o(.text)
    RTC_IRQHandler                           0x0800011f   Thumb Code     0  startup_stm32f10x_md.o(.text)
    SPI1_IRQHandler                          0x0800011f   Thumb Code     0  startup_stm32f10x_md.o(.text)
    SPI2_IRQHandler                          0x0800011f   Thumb Code     0  startup_stm32f10x_md.o(.text)
    TAMPER_IRQHandler                        0x0800011f   Thumb Code     0  startup_stm32f10x_md.o(.text)
    TIM1_BRK_IRQHandler                      0x0800011f   Thumb Code     0  startup_stm32f10x_md.o(.text)
    TIM1_CC_IRQHandler                       0x0800011f   Thumb Code     0  startup_stm32f10x_md.o(.text)
    TIM1_TRG_COM_IRQHandler                  0x0800011f   Thumb Code     0  startup_stm32f10x_md.o(.text)
    USBWakeUp_IRQHandler                     0x0800011f   Thumb Code     0  startup_stm32f10x_md.o(.text)
    USB_HP_CAN1_TX_IRQHandler                0x0800011f   Thumb Code     0  startup_stm32f10x_md.o(.text)
    USB_LP_CAN1_RX0_IRQHandler               0x0800011f   Thumb Code     0  startup_stm32f10x_md.o(.text)
    WWDG_IRQHandler                          0x0800011f   Thumb Code     0  startup_stm32f10x_md.o(.text)
    __aeabi_memcpy                           0x08000129   Thumb Code    36  memcpya.o(.text)
    __aeabi_memcpy4                          0x08000129   Thumb Code     0  memcpya.o(.text)
    __aeabi_memcpy8                          0x08000129   Thumb Code     0  memcpya.o(.text)
    __aeabi_fadd                             0x0800014d   Thumb Code   164  fadd.o(.text)
    __aeabi_fsub                             0x080001f1   Thumb Code     6  fadd.o(.text)
    __aeabi_frsub                            0x080001f7   Thumb Code     6  fadd.o(.text)
    __aeabi_ui2f                             0x080001fd   Thumb Code    10  ffltui.o(.text)
    __aeabi_f2d                              0x08000207   Thumb Code    38  f2d.o(.text)
    __aeabi_d2f                              0x0800022d   Thumb Code    56  d2f.o(.text)
    __aeabi_cfcmpeq                          0x08000265   Thumb Code     0  cfcmple.o(.text)
    __aeabi_cfcmple                          0x08000265   Thumb Code    20  cfcmple.o(.text)
    __I$use$fp                               0x08000279   Thumb Code     0  iusefp.o(.text)
    _float_round                             0x08000279   Thumb Code    18  fepilogue.o(.text)
    _float_epilogue                          0x0800028b   Thumb Code    92  fepilogue.o(.text)
    __scatterload                            0x080002e9   Thumb Code    28  init.o(.text)
    __scatterload_rt2                        0x080002e9   Thumb Code     0  init.o(.text)
    Calcul_DutyCycle_SERVOMTR                0x0800030d   Thumb Code   126  servomtr.o(i.Calcul_DutyCycle_SERVOMTR)
    CommunicDist_InitADC                     0x0800038d   Thumb Code    14  communicdist.o(i.CommunicDist_InitADC)
    CommunicDist_InitUart                    0x080003a1   Thumb Code   126  communicdist.o(i.CommunicDist_InitUart)
    Init_ADC_Single_Conv                     0x08000449   Thumb Code   242  myadc.o(i.Init_ADC_Single_Conv)
    Init_SERVOMTR                            0x08000549   Thumb Code    50  servomtr.o(i.Init_SERVOMTR)
    MyGPIO_Init                              0x08000589   Thumb Code   164  driver_gpio.o(i.MyGPIO_Init)
    MySPI_Clear_NSS                          0x08000639   Thumb Code    30  myspi.o(i.MySPI_Clear_NSS)
    MySPI_Init                               0x08000669   Thumb Code   480  myspi.o(i.MySPI_Init)
    MySPI_Read                               0x0800085d   Thumb Code    70  myspi.o(i.MySPI_Read)
    MySPI_Send                               0x080008b1   Thumb Code    68  myspi.o(i.MySPI_Send)
    MySPI_Set_NSS                            0x08000901   Thumb Code    28  myspi.o(i.MySPI_Set_NSS)
    MyTimer_Base_Init                        0x0800092d   Thumb Code   104  mytimer.o(i.MyTimer_Base_Init)
    MyUSART_Init                             0x080009a1   Thumb Code   158  myusart.o(i.MyUSART_Init)
    MyUSART_Send_Byte                        0x08000a59   Thumb Code    28  myusart.o(i.MyUSART_Send_Byte)
    SystemInit                               0x08000b5d   Thumb Code    78  system_stm32f10x.o(i.SystemInit)
    TIM1_UP_IRQHandler                       0x08000bbd   Thumb Code    22  mytimer.o(i.TIM1_UP_IRQHandler)
    TIM2_IRQHandler                          0x08000bdd   Thumb Code    26  mytimer.o(i.TIM2_IRQHandler)
    TIM3_IRQHandler                          0x08000bfd   Thumb Code    22  mytimer.o(i.TIM3_IRQHandler)
    TIM4_IRQHandler                          0x08000c1d   Thumb Code    22  mytimer.o(i.TIM4_IRQHandler)
    Timer_PWM_DutyCycle_Fix                  0x08000c3d   Thumb Code    94  mytimer.o(i.Timer_PWM_DutyCycle_Fix)
    Timer_PWM_Init                           0x08000c9b   Thumb Code   174  mytimer.o(i.Timer_PWM_Init)
    USART1_IRQHandler                        0x08000d49   Thumb Code    28  myusart.o(i.USART1_IRQHandler)
    USART2_IRQHandler                        0x08000d6d   Thumb Code    28  myusart.o(i.USART2_IRQHandler)
    USART3_IRQHandler                        0x08000d91   Thumb Code    28  myusart.o(i.USART3_IRQHandler)
    __scatterload_copy                       0x08000db5   Thumb Code    14  handlers.o(i.__scatterload_copy)
    __scatterload_null                       0x08000dc3   Thumb Code     2  handlers.o(i.__scatterload_null)
    __scatterload_zeroinit                   0x08000dc5   Thumb Code    14  handlers.o(i.__scatterload_zeroinit)
    main                                     0x08000dd5   Thumb Code   478  principal.o(i.main)
    Region$$Table$$Base                      0x08001088   Number         0  anon$$obj.o(Region$$Table)
    Region$$Table$$Limit                     0x080010a8   Number         0  anon$$obj.o(Region$$Table)
    res                                      0x20000000   Data           4  principal.o(.data)
    dc                                       0x20000004   Data           4  principal.o(.data)
    res2                                     0x20000008   Data           4  principal.o(.data)
    ByteToSend                               0x2000000c   Data           1  principal.o(.data)
    X0                                       0x2000000d   Data           1  principal.o(.data)
    X1                                       0x2000000e   Data           1  principal.o(.data)
    Y0                                       0x2000000f   Data           1  principal.o(.data)
    Y1                                       0x20000010   Data           1  principal.o(.data)
    Z0                                       0x20000011   Data           1  principal.o(.data)
    Z1                                       0x20000012   Data           1  principal.o(.data)
    x                                        0x20000014   Data           4  principal.o(.data)
    y                                        0x20000018   Data           4  principal.o(.data)
    z                                        0x2000001c   Data           4  principal.o(.data)
    dataFormat                               0x20000020   Data           1  principal.o(.data)
    Power_ctl                                0x20000021   Data           1  principal.o(.data)
    GPIO_USART_RX                            0x20000024   Data           8  principal.o(.data)
    UART                                     0x2000002c   Data           4  principal.o(.data)
    MyUart                                   0x20000030   Data           4  principal.o(.data)
    testUart                                 0x20000034   Data           1  principal.o(.data)
    p_function                               0x2000006c   Data           4  mytimer.o(.data)
    ActiveSPI                                0x20000070   Data           4  myspi.o(.data)
    __initial_sp                             0x20000480   Data           0  startup_stm32f10x_md.o(STACK)



==============================================================================

Memory Map of the image

  Image Entry point : 0x08000105

  Load Region LR_1 (Base: 0x08000000, Size: 0x0000111c, Max: 0xffffffff, ABSOLUTE)

    Execution Region ER_RO (Exec base: 0x08000000, Load base: 0x08000000, Size: 0x000010a8, Max: 0xffffffff, ABSOLUTE)

    Exec Addr    Load Addr    Size         Type   Attr      Idx    E Section Name        Object

    0x08000000   0x08000000   0x000000ec   Data   RO          438    RESET               startup_stm32f10x_md.o
    0x080000ec   0x080000ec   0x00000000   Code   RO          506  * .ARM.Collect$$$$00000000  mc_w.l(entry.o)
    0x080000ec   0x080000ec   0x00000004   Code   RO          525    .ARM.Collect$$$$00000001  mc_w.l(entry2.o)
    0x080000f0   0x080000f0   0x00000004   Code   RO          528    .ARM.Collect$$$$00000004  mc_w.l(entry5.o)
    0x080000f4   0x080000f4   0x00000000   Code   RO          530    .ARM.Collect$$$$00000008  mc_w.l(entry7b.o)
    0x080000f4   0x080000f4   0x00000000   Code   RO          532    .ARM.Collect$$$$0000000A  mc_w.l(entry8b.o)
    0x080000f4   0x080000f4   0x00000008   Code   RO          533    .ARM.Collect$$$$0000000B  mc_w.l(entry9a.o)
    0x080000fc   0x080000fc   0x00000004   Code   RO          540    .ARM.Collect$$$$0000000E  mc_w.l(entry12b.o)
    0x08000100   0x08000100   0x00000000   Code   RO          535    .ARM.Collect$$$$0000000F  mc_w.l(entry10a.o)
    0x08000100   0x08000100   0x00000000   Code   RO          537    .ARM.Collect$$$$00000011  mc_w.l(entry11a.o)
    0x08000100   0x08000100   0x00000004   Code   RO          526    .ARM.Collect$$$$00002712  mc_w.l(entry2.o)
    0x08000104   0x08000104   0x00000024   Code   RO          439  * .text               startup_stm32f10x_md.o
    0x08000128   0x08000128   0x00000024   Code   RO          509    .text               mc_w.l(memcpya.o)
    0x0800014c   0x0800014c   0x000000b0   Code   RO          515    .text               mf_w.l(fadd.o)
    0x080001fc   0x080001fc   0x0000000a   Code   RO          517    .text               mf_w.l(ffltui.o)
    0x08000206   0x08000206   0x00000026   Code   RO          519    .text               mf_w.l(f2d.o)
    0x0800022c   0x0800022c   0x00000038   Code   RO          521    .text               mf_w.l(d2f.o)
    0x08000264   0x08000264   0x00000014   Code   RO          523    .text               mf_w.l(cfcmple.o)
    0x08000278   0x08000278   0x00000000   Code   RO          569    .text               mc_w.l(iusefp.o)
    0x08000278   0x08000278   0x0000006e   Code   RO          570    .text               mf_w.l(fepilogue.o)
    0x080002e6   0x080002e6   0x00000002   PAD
    0x080002e8   0x080002e8   0x00000024   Code   RO          572    .text               mc_w.l(init.o)
    0x0800030c   0x0800030c   0x0000007e   Code   RO           96    i.Calcul_DutyCycle_SERVOMTR  servomtr.o
    0x0800038a   0x0800038a   0x00000002   PAD
    0x0800038c   0x0800038c   0x00000014   Code   RO          172    i.CommunicDist_InitADC  communicdist.o
    0x080003a0   0x080003a0   0x000000a8   Code   RO          173    i.CommunicDist_InitUart  communicdist.o
    0x08000448   0x08000448   0x00000100   Code   RO          137    i.Init_ADC_Single_Conv  myadc.o
    0x08000548   0x08000548   0x00000040   Code   RO           97    i.Init_SERVOMTR     servomtr.o
    0x08000588   0x08000588   0x000000b0   Code   RO          391    i.MyGPIO_Init       driver_gpio.o
    0x08000638   0x08000638   0x00000030   Code   RO          492    i.MySPI_Clear_NSS   Lib_Com_Periph_2022.lib(myspi.o)
    0x08000668   0x08000668   0x000001f4   Code   RO          493    i.MySPI_Init        Lib_Com_Periph_2022.lib(myspi.o)
    0x0800085c   0x0800085c   0x00000054   Code   RO          494    i.MySPI_Read        Lib_Com_Periph_2022.lib(myspi.o)
    0x080008b0   0x080008b0   0x00000050   Code   RO          495    i.MySPI_Send        Lib_Com_Periph_2022.lib(myspi.o)
    0x08000900   0x08000900   0x0000002c   Code   RO          496    i.MySPI_Set_NSS     Lib_Com_Periph_2022.lib(myspi.o)
    0x0800092c   0x0800092c   0x00000074   Code   RO          309    i.MyTimer_Base_Init  mytimer.o
    0x080009a0   0x080009a0   0x000000b8   Code   RO          239    i.MyUSART_Init      myusart.o
    0x08000a58   0x08000a58   0x0000001c   Code   RO          240    i.MyUSART_Send_Byte  myusart.o
    0x08000a74   0x08000a74   0x00000008   Code   RO          446    i.SetSysClock       system_stm32f10x.o
    0x08000a7c   0x08000a7c   0x000000e0   Code   RO          447    i.SetSysClockTo72   system_stm32f10x.o
    0x08000b5c   0x08000b5c   0x00000060   Code   RO          449    i.SystemInit        system_stm32f10x.o
    0x08000bbc   0x08000bbc   0x00000020   Code   RO          310    i.TIM1_UP_IRQHandler  mytimer.o
    0x08000bdc   0x08000bdc   0x00000020   Code   RO          311    i.TIM2_IRQHandler   mytimer.o
    0x08000bfc   0x08000bfc   0x00000020   Code   RO          312    i.TIM3_IRQHandler   mytimer.o
    0x08000c1c   0x08000c1c   0x00000020   Code   RO          313    i.TIM4_IRQHandler   mytimer.o
    0x08000c3c   0x08000c3c   0x0000005e   Code   RO          314    i.Timer_PWM_DutyCycle_Fix  mytimer.o
    0x08000c9a   0x08000c9a   0x000000ae   Code   RO          315    i.Timer_PWM_Init    mytimer.o
    0x08000d48   0x08000d48   0x00000024   Code   RO          242    i.USART1_IRQHandler  myusart.o
    0x08000d6c   0x08000d6c   0x00000024   Code   RO          243    i.USART2_IRQHandler  myusart.o
    0x08000d90   0x08000d90   0x00000024   Code   RO          244    i.USART3_IRQHandler  myusart.o
    0x08000db4   0x08000db4   0x0000000e   Code   RO          578    i.__scatterload_copy  mc_w.l(handlers.o)
    0x08000dc2   0x08000dc2   0x00000002   Code   RO          579    i.__scatterload_null  mc_w.l(handlers.o)
    0x08000dc4   0x08000dc4   0x0000000e   Code   RO          580    i.__scatterload_zeroinit  mc_w.l(handlers.o)
    0x08000dd2   0x08000dd2   0x00000002   PAD
    0x08000dd4   0x08000dd4   0x00000244   Code   RO            5    i.main              principal.o
    0x08001018   0x08001018   0x00000028   Data   RO            6    .constdata          principal.o
    0x08001040   0x08001040   0x00000008   Data   RO           98    .constdata          servomtr.o
    0x08001048   0x08001048   0x00000040   Data   RO          138    .constdata          myadc.o
    0x08001088   0x08001088   0x00000020   Data   RO          576    Region$$Table       anon$$obj.o


    Execution Region ER_RW (Exec base: 0x20000000, Load base: 0x080010a8, Size: 0x00000074, Max: 0xffffffff, ABSOLUTE)

    Exec Addr    Load Addr    Size         Type   Attr      Idx    E Section Name        Object

    0x20000000   0x080010a8   0x00000035   Data   RW            7    .data               principal.o
    0x20000035   0x080010dd   0x00000003   PAD
    0x20000038   0x080010e0   0x00000028   Data   RW          179    .data               communicdist.o
    0x20000060   0x08001108   0x0000000c   Data   RW          245    .data               myusart.o
    0x2000006c   0x08001114   0x00000004   Data   RW          318    .data               mytimer.o
    0x20000070   0x08001118   0x00000004   Data   RW          497    .data               Lib_Com_Periph_2022.lib(myspi.o)


    Execution Region ER_ZI (Exec base: 0x20000074, Load base: 0x0800111c, Size: 0x0000040c, Max: 0xffffffff, ABSOLUTE)

    Exec Addr    Load Addr    Size         Type   Attr      Idx    E Section Name        Object

    0x20000074        -       0x0000000c   Zero   RW          177    .bss                communicdist.o
    0x20000080        -       0x00000400   Zero   RW          436    STACK               startup_stm32f10x_md.o


==============================================================================

Image component sizes


      Code (inc. data)   RO Data    RW Data    ZI Data      Debug   Object Name

       188         48          0         40         12       1855   communicdist.o
       176         12          0          0          0        918   driver_gpio.o
       256         14         64          0          0       1187   myadc.o
       512         48          0          4          0       4179   mytimer.o
       320         50          0         12          0       2947   myusart.o
       580        102         40         53          0     210300   principal.o
       190         14          8          0          0       1708   servomtr.o
        36          8        236          0       1024        796   startup_stm32f10x_md.o
       328         28          0          0          0       1917   system_stm32f10x.o

    ----------------------------------------------------------------------
      2588        324        380        112       1036     225807   Object Totals
         0          0         32          0          0          0   (incl. Generated)
         2          0          0          3          0          0   (incl. Padding)

    ----------------------------------------------------------------------

      Code (inc. data)   RO Data    RW Data    ZI Data      Debug   Library Member Name

       756         80          0          4          0        348   myspi.o
         0          0          0          0          0          0   entry.o
         0          0          0          0          0          0   entry10a.o
         0          0          0          0          0          0   entry11a.o
         4          0          0          0          0          0   entry12b.o
         8          4          0          0          0          0   entry2.o
         4          0          0          0          0          0   entry5.o
         0          0          0          0          0          0   entry7b.o
         0          0          0          0          0          0   entry8b.o
         8          4          0          0          0          0   entry9a.o
        30          0          0          0          0          0   handlers.o
        36          8          0          0          0         68   init.o
         0          0          0          0          0          0   iusefp.o
        36          0          0          0          0         68   memcpya.o
        20          0          0          0          0         68   cfcmple.o
        56          0          0          0          0         88   d2f.o
        38          0          0          0          0         68   f2d.o
       176          0          0          0          0        140   fadd.o
       110          0          0          0          0        168   fepilogue.o
        10          0          0          0          0         68   ffltui.o

    ----------------------------------------------------------------------
      1296         96          0          4          0       1084   Library Totals
         4          0          0          0          0          0   (incl. Padding)

    ----------------------------------------------------------------------

      Code (inc. data)   RO Data    RW Data    ZI Data      Debug   Library Name

       756         80          0          4          0        348   Lib_Com_Periph_2022.lib
       126         16          0          0          0        136   mc_w.l
       410          0          0          0          0        600   mf_w.l

    ----------------------------------------------------------------------
      1296         96          0          4          0       1084   Library Totals

    ----------------------------------------------------------------------

==============================================================================


      Code (inc. data)   RO Data    RW Data    ZI Data      Debug   

      3884        420        380        116       1036     225535   Grand Totals
      3884        420        380        116       1036     225535   ELF Image Totals
      3884        420        380        116          0          0   ROM Totals

==============================================================================

    Total RO  Size (Code + RO Data)                 4264 (   4.16kB)
    Total RW  Size (RW Data + ZI Data)              1152 (   1.13kB)
    Total ROM Size (Code + RO Data + RW Data)       4380 (   4.28kB)

==============================================================================

