<html>
<body>
<pre>
<h1>µVision Build Log</h1>
<h2>Tool Versions:</h2>
IDE-Version: µVision V5.34.0.0
Copyright (C) 2021 ARM Ltd and ARM Germany GmbH. All rights reserved.
License Information: CSN CSN, INSA de Toulouse, LIC=----
 
Tool Versions:
Toolchain:       MDK-Lite  Version: 5.34.0.0
Toolchain Path:  C:\Keil_v5\ARM\ARMCC\Bin
C Compiler:      Armcc.exe V5.06 update 7 (build 960)
Assembler:       Armasm.exe V5.06 update 7 (build 960)
Linker/Locator:  ArmLink.exe V5.06 update 7 (build 960)
Library Manager: ArmAr.exe V5.06 update 7 (build 960)
Hex Converter:   FromElf.exe V5.06 update 7 (build 960)
CPU DLL:         SARMCM3.DLL V5.34.0.0
Dialog DLL:      DARMSTM.DLL V1.68.0.0
Target DLL:      STLink\ST-LINKIII-KEIL_SWO.dll V3.0.8.0
Dialog DLL:      TARMSTM.DLL V1.66.0.0
 
<h2>Project:</h2>
U:\4as7\MesProjets\Projet_voilier\Projet_voilier.uvprojx
Project File Date:  12/08/2022

<h2>Output:</h2>
*** Using Compiler 'V5.06 update 7 (build 960)', folder: 'C:\Keil_v5\ARM\ARMCC\Bin'
Rebuild target 'reel'
compiling BATTRERIE.c...
source\BATTRERIE.c(53): warning:  #1-D: last line of file ends without a newline
  */
source\BATTRERIE.c: 1 warning, 0 errors
compiling ServoMtr.c...
compiling MyADC.c...
compiling CommunicDist.c...
..\MesDrivers\Include\MyUSART.h(48): warning:  #1-D: last line of file ends without a newline
  #endif
..\MesDrivers\Include\CommunicDist.h(23): warning:  #1-D: last line of file ends without a newline
  #endif
..\MesDrivers\Source\CommunicDist.c(125): warning:  #1-D: last line of file ends without a newline
  }
..\MesDrivers\Source\CommunicDist.c: 3 warnings, 0 errors
compiling Principal.c...
..\MesDrivers\Include\MyUSART.h(48): warning:  #1-D: last line of file ends without a newline
  #endif
..\MesDrivers\Include\CommunicDist.h(23): warning:  #1-D: last line of file ends without a newline
  #endif
.\include\BATTRERIE.h(25): warning:  #1-D: last line of file ends without a newline
  */
source\Principal.c: 3 warnings, 0 errors
compiling MyUSART.c...
..\MesDrivers\Include\MyUSART.h(48): warning:  #1-D: last line of file ends without a newline
  #endif
..\MesDrivers\Source\MyUSART.c: 1 warning, 0 errors
compiling MyTimer.c...
..\MesDrivers\Source\MyTimer.c(32): warning:  #188-D: enumerated type mixed with another type
  		NVIC_EnableIRQ(28);
..\MesDrivers\Source\MyTimer.c(33): warning:  #188-D: enumerated type mixed with another type
  		NVIC_SetPriority(28,Prio);
..\MesDrivers\Source\MyTimer.c(37): warning:  #188-D: enumerated type mixed with another type
  		NVIC_EnableIRQ(29);
..\MesDrivers\Source\MyTimer.c(38): warning:  #188-D: enumerated type mixed with another type
  		NVIC_SetPriority(29,Prio);
..\MesDrivers\Source\MyTimer.c(42): warning:  #188-D: enumerated type mixed with another type
  		NVIC_EnableIRQ(30);
..\MesDrivers\Source\MyTimer.c(43): warning:  #188-D: enumerated type mixed with another type
  		NVIC_SetPriority(30,Prio);
..\MesDrivers\Source\MyTimer.c: 6 warnings, 0 errors
compiling Driver_GPIO.c...
assembling startup_stm32f10x_md.s...
compiling system_stm32f10x.c...
linking...
Program Size: Code=3884 RO-data=380 RW-data=116 ZI-data=1036  
".\Objects\Projet_led.axf" - 0 Error(s), 14 Warning(s).

<h2>Software Packages used:</h2>

Package Vendor: ARM
                http://www.keil.com/pack/ARM.CMSIS.5.7.0.pack
                ARM.CMSIS.5.7.0
                CMSIS (Cortex Microcontroller Software Interface Standard)
   * Component: CORE Version: 5.4.0

Package Vendor: Keil
                http://www.keil.com/pack/Keil.STM32F1xx_DFP.2.3.0.pack
                Keil.STM32F1xx_DFP.2.3.0
                STMicroelectronics STM32F1 Series Device Support, Drivers and Examples
   * Component: Startup Version: 1.0.0

<h2>Collection of Component include folders:</h2>
  .\RTE\Device\STM32F103RB
  .\RTE\_reel
  C:\Programdata\Keil\Arm\Packs\ARM\CMSIS\5.7.0\CMSIS\Core\Include
  C:\Programdata\Keil\Arm\Packs\Keil\STM32F1xx_DFP\2.3.0\Device\Include

<h2>Collection of Component Files used:</h2>

   * Component: ARM::CMSIS:CORE:5.4.0

   * Component: Keil::Device:Startup:1.0.0
      Include file:  RTE_Driver\Config\RTE_Device.h
      Source file:   Device\Source\system_stm32f10x.c
      Source file:   Device\Source\ARM\STM32F1xx_OPT.s
      Source file:   Device\Source\ARM\startup_stm32f10x_md.s
Build Time Elapsed:  00:00:02
</pre>
</body>
</html>
